// Jest Snapshot v1, https://goo.gl/fbAQLP

exports[`view to match snapshot 1`] = `"<div __source=\\"[object Object]\\"><h1 __source=\\"[object Object]\\">Count: 0</h1><button style=\\"color:red;height:30px;font-size:24px;line-height:0\\" __source=\\"[object Object]\\">-</button><button style=\\"color:lightgreen;height:30px;font-size:24px;line-height:0\\" __source=\\"[object Object]\\">+</button></div>"`;
